// Jest Snapshot v1, https://goo.gl/fbAQLP

exports[`Loading component props accepts props 1`] = `
<transition-stub
  appear="false"
  css="true"
  name="custom"
  persisted="true"
>
  <div
    aria-busy="true"
    aria-label="Loading"
    aria-live="polite"
    class="vl-overlay vl-active"
    style="z-index: 9999;"
    tabindex="0"
  >
    <div
      class="vl-background"
      style="background: rgb(204, 204, 204); opacity: 0.6;"
    />
    <div
      class="vl-icon"
    >
      
      
      
      <svg
        fill="blue"
        height="100"
        viewBox="0 0 120 30"
        width="100"
        xmlns="http://www.w3.org/2000/svg"
      >
        <circle
          cx="15"
          cy="15"
          r="15"
        >
          <animate
            attributeName="r"
            begin="0s"
            calcMode="linear"
            dur="0.8s"
            from="15"
            repeatCount="indefinite"
            to="15"
            values="15;9;15"
          />
          <animate
            attributeName="fill-opacity"
            begin="0s"
            calcMode="linear"
            dur="0.8s"
            from="1"
            repeatCount="indefinite"
            to="1"
            values="1;.5;1"
          />
        </circle>
        <circle
          cx="60"
          cy="15"
          fill-opacity="0.3"
          r="9"
        >
          <animate
            attributeName="r"
            begin="0s"
            calcMode="linear"
            dur="0.8s"
            from="9"
            repeatCount="indefinite"
            to="9"
            values="9;15;9"
          />
          <animate
            attributeName="fill-opacity"
            begin="0s"
            calcMode="linear"
            dur="0.8s"
            from="0.5"
            repeatCount="indefinite"
            to="0.5"
            values=".5;1;.5"
          />
        </circle>
        <circle
          cx="105"
          cy="15"
          r="15"
        >
          <animate
            attributeName="r"
            begin="0s"
            calcMode="linear"
            dur="0.8s"
            from="15"
            repeatCount="indefinite"
            to="15"
            values="15;9;15"
          />
          <animate
            attributeName="fill-opacity"
            begin="0s"
            calcMode="linear"
            dur="0.8s"
            from="1"
            repeatCount="indefinite"
            to="1"
            values="1;.5;1"
          />
        </circle>
      </svg>
      
      
      
    </div>
  </div>
</transition-stub>
`;
